Timing Analyzer report for DUT
Thu Apr 01 17:02:14 2021
Quartus Prime Version 20.1.1 Build 720 11/11/2020 SJ Lite Edition


---------------------
; Table of Contents ;
---------------------
  1. Legal Notice
  2. Timing Analyzer Summary
  3. Parallel Compilation
  4. Clocks
  5. Fmax Summary
  6. Setup Summary
  7. Hold Summary
  8. Recovery Summary
  9. Removal Summary
 10. Minimum Pulse Width Summary
 11. Setup: 'clock_music'
 12. Setup: 'clk_50'
 13. Hold: 'clk_50'
 14. Hold: 'clock_music'
 15. Setup Transfers
 16. Hold Transfers
 17. Report TCCS
 18. Report RSKM
 19. Unconstrained Paths Summary
 20. Clock Status Summary
 21. Unconstrained Input Ports
 22. Unconstrained Output Ports
 23. Unconstrained Input Ports
 24. Unconstrained Output Ports
 25. Timing Analyzer Messages



----------------
; Legal Notice ;
----------------
Copyright (C) 2020  Intel Corporation. All rights reserved.
Your use of Intel Corporation's design tools, logic functions 
and other software and tools, and any partner logic 
functions, and any output files from any of the foregoing 
(including device programming or simulation files), and any 
associated documentation or information are expressly subject 
to the terms and conditions of the Intel Program License 
Subscription Agreement, the Intel Quartus Prime License Agreement,
the Intel FPGA IP License Agreement, or other applicable license
agreement, including, without limitation, that your use is for
the sole purpose of programming logic devices manufactured by
Intel and sold by Intel or its authorized distributors.  Please
refer to the applicable agreement for further details, at
https://fpgasoftware.intel.com/eula.



+-----------------------------------------------------------------------------+
; Timing Analyzer Summary                                                     ;
+-----------------------+-----------------------------------------------------+
; Quartus Prime Version ; Version 20.1.1 Build 720 11/11/2020 SJ Lite Edition ;
; Timing Analyzer       ; Legacy Timing Analyzer                              ;
; Revision Name         ; DUT                                                 ;
; Device Family         ; MAX V                                               ;
; Device Name           ; 5M1270ZT144C5                                       ;
; Timing Models         ; Final                                               ;
; Delay Model           ; Slow Model                                          ;
; Rise/Fall Delays      ; Unavailable                                         ;
+-----------------------+-----------------------------------------------------+


+------------------------------------------+
; Parallel Compilation                     ;
+----------------------------+-------------+
; Processors                 ; Number      ;
+----------------------------+-------------+
; Number detected on machine ; 12          ;
; Maximum allowed            ; 6           ;
;                            ;             ;
; Average used               ; 1.00        ;
; Maximum used               ; 1           ;
;                            ;             ;
; Usage by Processor         ; % Time Used ;
;     Processor 1            ; 100.0%      ;
+----------------------------+-------------+


+------------------------------------------------------------------------------------------------------------------------------------------------------------------------------------------+
; Clocks                                                                                                                                                                                   ;
+-------------+------+--------+------------+-------+-------+------------+-----------+-------------+-------+--------+-----------+------------+----------+--------+--------+-----------------+
; Clock Name  ; Type ; Period ; Frequency  ; Rise  ; Fall  ; Duty Cycle ; Divide by ; Multiply by ; Phase ; Offset ; Edge List ; Edge Shift ; Inverted ; Master ; Source ; Targets         ;
+-------------+------+--------+------------+-------+-------+------------+-----------+-------------+-------+--------+-----------+------------+----------+--------+--------+-----------------+
; clk_50      ; Base ; 1.000  ; 1000.0 MHz ; 0.000 ; 0.500 ;            ;           ;             ;       ;        ;           ;            ;          ;        ;        ; { clk_50 }      ;
; clock_music ; Base ; 1.000  ; 1000.0 MHz ; 0.000 ; 0.500 ;            ;           ;             ;       ;        ;           ;            ;          ;        ;        ; { clock_music } ;
+-------------+------+--------+------------+-------+-------+------------+-----------+-------------+-------+--------+-----------+------------+----------+--------+--------+-----------------+


+---------------------------------------------------+
; Fmax Summary                                      ;
+------------+-----------------+-------------+------+
; Fmax       ; Restricted Fmax ; Clock Name  ; Note ;
+------------+-----------------+-------------+------+
; 65.3 MHz   ; 65.3 MHz        ; clock_music ;      ;
; 105.54 MHz ; 105.54 MHz      ; clk_50      ;      ;
+------------+-----------------+-------------+------+
This panel reports FMAX for every clock in the design, regardless of the user-specified clock periods.  FMAX is only computed for paths where the source and destination registers or ports are driven by the same clock.  Paths of different clocks, including generated clocks, are ignored.  For paths between a clock and its inversion, FMAX is computed as if the rising and falling edges are scaled along with FMAX, such that the duty cycle (in terms of a percentage) is maintained. Altera recommends that you always use clock constraints and other slack reports for sign-off analysis.


+---------------------------------------+
; Setup Summary                         ;
+-------------+---------+---------------+
; Clock       ; Slack   ; End Point TNS ;
+-------------+---------+---------------+
; clock_music ; -14.315 ; -397.458      ;
; clk_50      ; -8.475  ; -1461.962     ;
+-------------+---------+---------------+


+-------------------------------------+
; Hold Summary                        ;
+-------------+-------+---------------+
; Clock       ; Slack ; End Point TNS ;
+-------------+-------+---------------+
; clk_50      ; 1.639 ; 0.000         ;
; clock_music ; 2.126 ; 0.000         ;
+-------------+-------+---------------+


--------------------
; Recovery Summary ;
--------------------
No paths to report.


-------------------
; Removal Summary ;
-------------------
No paths to report.


+--------------------------------------+
; Minimum Pulse Width Summary          ;
+-------------+--------+---------------+
; Clock       ; Slack  ; End Point TNS ;
+-------------+--------+---------------+
; clk_50      ; -2.289 ; -2.289        ;
; clock_music ; 0.234  ; 0.000         ;
+-------------+--------+---------------+


+-----------------------------------------------------------------------------------------------------------+
; Setup: 'clock_music'                                                                                      ;
+---------+-----------+---------------+--------------+-------------+--------------+------------+------------+
; Slack   ; From Node ; To Node       ; Launch Clock ; Latch Clock ; Relationship ; Clock Skew ; Data Delay ;
+---------+-----------+---------------+--------------+-------------+--------------+------------+------------+
; -14.315 ; count[30] ; y_present.ni  ; clock_music  ; clock_music ; 1.000        ; 0.000      ; 14.982     ;
; -14.172 ; count[26] ; y_present.ni  ; clock_music  ; clock_music ; 1.000        ; 0.000      ; 14.839     ;
; -14.147 ; count[31] ; y_present.ni  ; clock_music  ; clock_music ; 1.000        ; 0.000      ; 14.814     ;
; -14.005 ; count[17] ; y_present.ni  ; clock_music  ; clock_music ; 1.000        ; 0.000      ; 14.672     ;
; -14.000 ; count[25] ; y_present.ni  ; clock_music  ; clock_music ; 1.000        ; 0.000      ; 14.667     ;
; -13.977 ; count[28] ; y_present.ni  ; clock_music  ; clock_music ; 1.000        ; 0.000      ; 14.644     ;
; -13.900 ; count[18] ; y_present.ni  ; clock_music  ; clock_music ; 1.000        ; 0.000      ; 14.567     ;
; -13.829 ; count[24] ; y_present.ni  ; clock_music  ; clock_music ; 1.000        ; 0.000      ; 14.496     ;
; -13.667 ; count[19] ; y_present.ni  ; clock_music  ; clock_music ; 1.000        ; 0.000      ; 14.334     ;
; -13.629 ; count[12] ; y_present.ni  ; clock_music  ; clock_music ; 1.000        ; 0.000      ; 14.296     ;
; -13.624 ; count[30] ; y_present.dha ; clock_music  ; clock_music ; 1.000        ; 0.000      ; 14.291     ;
; -13.608 ; count[29] ; y_present.ni  ; clock_music  ; clock_music ; 1.000        ; 0.000      ; 14.275     ;
; -13.602 ; count[22] ; y_present.ni  ; clock_music  ; clock_music ; 1.000        ; 0.000      ; 14.269     ;
; -13.481 ; count[26] ; y_present.dha ; clock_music  ; clock_music ; 1.000        ; 0.000      ; 14.148     ;
; -13.466 ; count[14] ; y_present.ni  ; clock_music  ; clock_music ; 1.000        ; 0.000      ; 14.133     ;
; -13.464 ; count[27] ; y_present.ni  ; clock_music  ; clock_music ; 1.000        ; 0.000      ; 14.131     ;
; -13.456 ; count[31] ; y_present.dha ; clock_music  ; clock_music ; 1.000        ; 0.000      ; 14.123     ;
; -13.435 ; count[23] ; y_present.ni  ; clock_music  ; clock_music ; 1.000        ; 0.000      ; 14.102     ;
; -13.360 ; count[16] ; y_present.ni  ; clock_music  ; clock_music ; 1.000        ; 0.000      ; 14.027     ;
; -13.314 ; count[17] ; y_present.dha ; clock_music  ; clock_music ; 1.000        ; 0.000      ; 13.981     ;
; -13.309 ; count[25] ; y_present.dha ; clock_music  ; clock_music ; 1.000        ; 0.000      ; 13.976     ;
; -13.291 ; count[13] ; y_present.ni  ; clock_music  ; clock_music ; 1.000        ; 0.000      ; 13.958     ;
; -13.286 ; count[28] ; y_present.dha ; clock_music  ; clock_music ; 1.000        ; 0.000      ; 13.953     ;
; -13.265 ; count[11] ; y_present.ni  ; clock_music  ; clock_music ; 1.000        ; 0.000      ; 13.932     ;
; -13.258 ; count[20] ; y_present.ni  ; clock_music  ; clock_music ; 1.000        ; 0.000      ; 13.925     ;
; -13.209 ; count[18] ; y_present.dha ; clock_music  ; clock_music ; 1.000        ; 0.000      ; 13.876     ;
; -13.187 ; count[6]  ; y_present.ni  ; clock_music  ; clock_music ; 1.000        ; 0.000      ; 13.854     ;
; -13.138 ; count[24] ; y_present.dha ; clock_music  ; clock_music ; 1.000        ; 0.000      ; 13.805     ;
; -13.122 ; count[30] ; y_present.sa  ; clock_music  ; clock_music ; 1.000        ; 0.000      ; 13.789     ;
; -13.121 ; count[30] ; y_present.re  ; clock_music  ; clock_music ; 1.000        ; 0.000      ; 13.788     ;
; -13.098 ; count[8]  ; y_present.ni  ; clock_music  ; clock_music ; 1.000        ; 0.000      ; 13.765     ;
; -13.072 ; count[9]  ; y_present.ni  ; clock_music  ; clock_music ; 1.000        ; 0.000      ; 13.739     ;
; -12.979 ; count[26] ; y_present.sa  ; clock_music  ; clock_music ; 1.000        ; 0.000      ; 13.646     ;
; -12.978 ; count[26] ; y_present.re  ; clock_music  ; clock_music ; 1.000        ; 0.000      ; 13.645     ;
; -12.976 ; count[19] ; y_present.dha ; clock_music  ; clock_music ; 1.000        ; 0.000      ; 13.643     ;
; -12.954 ; count[31] ; y_present.sa  ; clock_music  ; clock_music ; 1.000        ; 0.000      ; 13.621     ;
; -12.953 ; count[31] ; y_present.re  ; clock_music  ; clock_music ; 1.000        ; 0.000      ; 13.620     ;
; -12.938 ; count[12] ; y_present.dha ; clock_music  ; clock_music ; 1.000        ; 0.000      ; 13.605     ;
; -12.926 ; count[15] ; y_present.ni  ; clock_music  ; clock_music ; 1.000        ; 0.000      ; 13.593     ;
; -12.918 ; count[10] ; y_present.ni  ; clock_music  ; clock_music ; 1.000        ; 0.000      ; 13.585     ;
; -12.917 ; count[29] ; y_present.dha ; clock_music  ; clock_music ; 1.000        ; 0.000      ; 13.584     ;
; -12.911 ; count[22] ; y_present.dha ; clock_music  ; clock_music ; 1.000        ; 0.000      ; 13.578     ;
; -12.895 ; count[21] ; y_present.ni  ; clock_music  ; clock_music ; 1.000        ; 0.000      ; 13.562     ;
; -12.812 ; count[17] ; y_present.sa  ; clock_music  ; clock_music ; 1.000        ; 0.000      ; 13.479     ;
; -12.811 ; count[17] ; y_present.re  ; clock_music  ; clock_music ; 1.000        ; 0.000      ; 13.478     ;
; -12.807 ; count[25] ; y_present.sa  ; clock_music  ; clock_music ; 1.000        ; 0.000      ; 13.474     ;
; -12.806 ; count[25] ; y_present.re  ; clock_music  ; clock_music ; 1.000        ; 0.000      ; 13.473     ;
; -12.784 ; count[28] ; y_present.sa  ; clock_music  ; clock_music ; 1.000        ; 0.000      ; 13.451     ;
; -12.783 ; count[28] ; y_present.re  ; clock_music  ; clock_music ; 1.000        ; 0.000      ; 13.450     ;
; -12.775 ; count[14] ; y_present.dha ; clock_music  ; clock_music ; 1.000        ; 0.000      ; 13.442     ;
; -12.773 ; count[27] ; y_present.dha ; clock_music  ; clock_music ; 1.000        ; 0.000      ; 13.440     ;
; -12.744 ; count[23] ; y_present.dha ; clock_music  ; clock_music ; 1.000        ; 0.000      ; 13.411     ;
; -12.707 ; count[18] ; y_present.sa  ; clock_music  ; clock_music ; 1.000        ; 0.000      ; 13.374     ;
; -12.706 ; count[18] ; y_present.re  ; clock_music  ; clock_music ; 1.000        ; 0.000      ; 13.373     ;
; -12.702 ; count[7]  ; y_present.ni  ; clock_music  ; clock_music ; 1.000        ; 0.000      ; 13.369     ;
; -12.669 ; count[16] ; y_present.dha ; clock_music  ; clock_music ; 1.000        ; 0.000      ; 13.336     ;
; -12.650 ; count[30] ; y_present.ga  ; clock_music  ; clock_music ; 1.000        ; 0.000      ; 13.317     ;
; -12.636 ; count[24] ; y_present.sa  ; clock_music  ; clock_music ; 1.000        ; 0.000      ; 13.303     ;
; -12.635 ; count[24] ; y_present.re  ; clock_music  ; clock_music ; 1.000        ; 0.000      ; 13.302     ;
; -12.600 ; count[13] ; y_present.dha ; clock_music  ; clock_music ; 1.000        ; 0.000      ; 13.267     ;
; -12.574 ; count[11] ; y_present.dha ; clock_music  ; clock_music ; 1.000        ; 0.000      ; 13.241     ;
; -12.567 ; count[20] ; y_present.dha ; clock_music  ; clock_music ; 1.000        ; 0.000      ; 13.234     ;
; -12.507 ; count[26] ; y_present.ga  ; clock_music  ; clock_music ; 1.000        ; 0.000      ; 13.174     ;
; -12.496 ; count[6]  ; y_present.dha ; clock_music  ; clock_music ; 1.000        ; 0.000      ; 13.163     ;
; -12.482 ; count[31] ; y_present.ga  ; clock_music  ; clock_music ; 1.000        ; 0.000      ; 13.149     ;
; -12.474 ; count[19] ; y_present.sa  ; clock_music  ; clock_music ; 1.000        ; 0.000      ; 13.141     ;
; -12.473 ; count[19] ; y_present.re  ; clock_music  ; clock_music ; 1.000        ; 0.000      ; 13.140     ;
; -12.436 ; count[12] ; y_present.sa  ; clock_music  ; clock_music ; 1.000        ; 0.000      ; 13.103     ;
; -12.435 ; count[12] ; y_present.re  ; clock_music  ; clock_music ; 1.000        ; 0.000      ; 13.102     ;
; -12.415 ; count[29] ; y_present.sa  ; clock_music  ; clock_music ; 1.000        ; 0.000      ; 13.082     ;
; -12.414 ; count[29] ; y_present.re  ; clock_music  ; clock_music ; 1.000        ; 0.000      ; 13.081     ;
; -12.409 ; count[22] ; y_present.sa  ; clock_music  ; clock_music ; 1.000        ; 0.000      ; 13.076     ;
; -12.408 ; count[22] ; y_present.re  ; clock_music  ; clock_music ; 1.000        ; 0.000      ; 13.075     ;
; -12.407 ; count[8]  ; y_present.dha ; clock_music  ; clock_music ; 1.000        ; 0.000      ; 13.074     ;
; -12.381 ; count[9]  ; y_present.dha ; clock_music  ; clock_music ; 1.000        ; 0.000      ; 13.048     ;
; -12.340 ; count[17] ; y_present.ga  ; clock_music  ; clock_music ; 1.000        ; 0.000      ; 13.007     ;
; -12.335 ; count[25] ; y_present.ga  ; clock_music  ; clock_music ; 1.000        ; 0.000      ; 13.002     ;
; -12.312 ; count[28] ; y_present.ga  ; clock_music  ; clock_music ; 1.000        ; 0.000      ; 12.979     ;
; -12.273 ; count[14] ; y_present.sa  ; clock_music  ; clock_music ; 1.000        ; 0.000      ; 12.940     ;
; -12.272 ; count[14] ; y_present.re  ; clock_music  ; clock_music ; 1.000        ; 0.000      ; 12.939     ;
; -12.271 ; count[27] ; y_present.sa  ; clock_music  ; clock_music ; 1.000        ; 0.000      ; 12.938     ;
; -12.270 ; count[27] ; y_present.re  ; clock_music  ; clock_music ; 1.000        ; 0.000      ; 12.937     ;
; -12.242 ; count[23] ; y_present.sa  ; clock_music  ; clock_music ; 1.000        ; 0.000      ; 12.909     ;
; -12.241 ; count[23] ; y_present.re  ; clock_music  ; clock_music ; 1.000        ; 0.000      ; 12.908     ;
; -12.235 ; count[15] ; y_present.dha ; clock_music  ; clock_music ; 1.000        ; 0.000      ; 12.902     ;
; -12.235 ; count[18] ; y_present.ga  ; clock_music  ; clock_music ; 1.000        ; 0.000      ; 12.902     ;
; -12.227 ; count[10] ; y_present.dha ; clock_music  ; clock_music ; 1.000        ; 0.000      ; 12.894     ;
; -12.204 ; count[21] ; y_present.dha ; clock_music  ; clock_music ; 1.000        ; 0.000      ; 12.871     ;
; -12.167 ; count[16] ; y_present.sa  ; clock_music  ; clock_music ; 1.000        ; 0.000      ; 12.834     ;
; -12.166 ; count[16] ; y_present.re  ; clock_music  ; clock_music ; 1.000        ; 0.000      ; 12.833     ;
; -12.164 ; count[24] ; y_present.ga  ; clock_music  ; clock_music ; 1.000        ; 0.000      ; 12.831     ;
; -12.133 ; count[4]  ; y_present.ni  ; clock_music  ; clock_music ; 1.000        ; 0.000      ; 12.800     ;
; -12.098 ; count[13] ; y_present.sa  ; clock_music  ; clock_music ; 1.000        ; 0.000      ; 12.765     ;
; -12.097 ; count[13] ; y_present.re  ; clock_music  ; clock_music ; 1.000        ; 0.000      ; 12.764     ;
; -12.072 ; count[11] ; y_present.sa  ; clock_music  ; clock_music ; 1.000        ; 0.000      ; 12.739     ;
; -12.071 ; count[11] ; y_present.re  ; clock_music  ; clock_music ; 1.000        ; 0.000      ; 12.738     ;
; -12.065 ; count[20] ; y_present.sa  ; clock_music  ; clock_music ; 1.000        ; 0.000      ; 12.732     ;
; -12.064 ; count[20] ; y_present.re  ; clock_music  ; clock_music ; 1.000        ; 0.000      ; 12.731     ;
; -12.011 ; count[7]  ; y_present.dha ; clock_music  ; clock_music ; 1.000        ; 0.000      ; 12.678     ;
; -12.002 ; count[19] ; y_present.ga  ; clock_music  ; clock_music ; 1.000        ; 0.000      ; 12.669     ;
+---------+-----------+---------------+--------------+-------------+--------------+------------+------------+


+------------------------------------------------------------------------------------------------------------------------------------+
; Setup: 'clk_50'                                                                                                                    ;
+--------+--------------------------+--------------------------+--------------+-------------+--------------+------------+------------+
; Slack  ; From Node                ; To Node                  ; Launch Clock ; Latch Clock ; Relationship ; Clock Skew ; Data Delay ;
+--------+--------------------------+--------------------------+--------------+-------------+--------------+------------+------------+
; -8.475 ; Music:sa1|count_sa0[1]   ; Music:sa1|count_sa0[22]  ; clk_50       ; clk_50      ; 1.000        ; 0.000      ; 9.142      ;
; -8.070 ; Music:sa1|count_sa0[0]   ; Music:pa1|count_sa4[13]  ; clk_50       ; clk_50      ; 1.000        ; 0.000      ; 8.737      ;
; -8.058 ; Music:sa1|count_sa0[0]   ; Music:pa1|count_sa4[22]  ; clk_50       ; clk_50      ; 1.000        ; 0.000      ; 8.725      ;
; -8.045 ; Music:sa1|count_sa0[0]   ; Music:pa1|count_sa4[19]  ; clk_50       ; clk_50      ; 1.000        ; 0.000      ; 8.712      ;
; -8.039 ; Music:sa1|count_sa0[0]   ; Music:pa1|count_sa4[25]  ; clk_50       ; clk_50      ; 1.000        ; 0.000      ; 8.706      ;
; -8.017 ; Music:sa1|count_sa0[1]   ; Music:sa1|count_sa0[21]  ; clk_50       ; clk_50      ; 1.000        ; 0.000      ; 8.684      ;
; -8.007 ; Music:sa1|count_sa0[1]   ; Music:sa1|count_sa0[23]  ; clk_50       ; clk_50      ; 1.000        ; 0.000      ; 8.674      ;
; -7.971 ; Music:sa1|count_sa0[0]   ; Music:pa1|count_sa4[21]  ; clk_50       ; clk_50      ; 1.000        ; 0.000      ; 8.638      ;
; -7.968 ; Music:sa1|count_sa0[0]   ; Music:sa1|count_sa0[22]  ; clk_50       ; clk_50      ; 1.000        ; 0.000      ; 8.635      ;
; -7.949 ; Music:sa1|count_sa0[0]   ; Music:pa1|count_sa4[20]  ; clk_50       ; clk_50      ; 1.000        ; 0.000      ; 8.616      ;
; -7.942 ; Music:sa1|count_sa0[0]   ; Music:pa1|count_sa4[26]  ; clk_50       ; clk_50      ; 1.000        ; 0.000      ; 8.609      ;
; -7.939 ; Music:sa1|count_sa0[1]   ; Music:sa1|count_sa0[11]  ; clk_50       ; clk_50      ; 1.000        ; 0.000      ; 8.606      ;
; -7.895 ; Music:sa1|count_sa0[2]   ; Music:sa1|count_sa0[22]  ; clk_50       ; clk_50      ; 1.000        ; 0.000      ; 8.562      ;
; -7.882 ; Music:dha1|count_sa5[6]  ; Music:dha1|toneOut       ; clk_50       ; clk_50      ; 1.000        ; 0.000      ; 8.549      ;
; -7.809 ; Music:re1|count_sa1[6]   ; Music:re1|count_sa1[9]   ; clk_50       ; clk_50      ; 1.000        ; 0.000      ; 8.476      ;
; -7.804 ; Music:dha1|count_sa5[23] ; Music:dha1|toneOut       ; clk_50       ; clk_50      ; 1.000        ; 0.000      ; 8.471      ;
; -7.803 ; Music:sa1|count_sa0[1]   ; Music:sa1|count_sa0[20]  ; clk_50       ; clk_50      ; 1.000        ; 0.000      ; 8.470      ;
; -7.766 ; Music:sa1|count_sa0[18]  ; Music:sa1|count_sa0[10]  ; clk_50       ; clk_50      ; 1.000        ; 0.000      ; 8.433      ;
; -7.764 ; Music:sa1|count_sa0[18]  ; Music:sa1|count_sa0[15]  ; clk_50       ; clk_50      ; 1.000        ; 0.000      ; 8.431      ;
; -7.760 ; Music:re1|count_sa1[0]   ; Music:re1|count_sa1[9]   ; clk_50       ; clk_50      ; 1.000        ; 0.000      ; 8.427      ;
; -7.757 ; Music:sa1|count_sa0[18]  ; Music:sa1|count_sa0[9]   ; clk_50       ; clk_50      ; 1.000        ; 0.000      ; 8.424      ;
; -7.755 ; Music:sa1|count_sa0[18]  ; Music:sa1|count_sa0[16]  ; clk_50       ; clk_50      ; 1.000        ; 0.000      ; 8.422      ;
; -7.750 ; Music:sa1|count_sa0[0]   ; Music:pa1|count_sa4[10]  ; clk_50       ; clk_50      ; 1.000        ; 0.000      ; 8.417      ;
; -7.727 ; Music:sa1|count_sa0[0]   ; Music:pa1|count_sa4[16]  ; clk_50       ; clk_50      ; 1.000        ; 0.000      ; 8.394      ;
; -7.725 ; Music:sa1|count_sa0[1]   ; Music:sa1|count_sa0[12]  ; clk_50       ; clk_50      ; 1.000        ; 0.000      ; 8.392      ;
; -7.722 ; Music:re1|count_sa1[1]   ; Music:re1|count_sa1[9]   ; clk_50       ; clk_50      ; 1.000        ; 0.000      ; 8.389      ;
; -7.699 ; Music:sa1|count_sa0[0]   ; Music:ga1|count_sa2[16]  ; clk_50       ; clk_50      ; 1.000        ; 0.000      ; 8.366      ;
; -7.676 ; Music:dha1|count_sa5[6]  ; Music:dha1|count_sa5[10] ; clk_50       ; clk_50      ; 1.000        ; 0.000      ; 8.343      ;
; -7.675 ; Music:re1|count_sa1[6]   ; Music:re1|count_sa1[11]  ; clk_50       ; clk_50      ; 1.000        ; 0.000      ; 8.342      ;
; -7.665 ; Music:re1|count_sa1[4]   ; Music:re1|count_sa1[9]   ; clk_50       ; clk_50      ; 1.000        ; 0.000      ; 8.332      ;
; -7.626 ; Music:re1|count_sa1[0]   ; Music:re1|count_sa1[11]  ; clk_50       ; clk_50      ; 1.000        ; 0.000      ; 8.293      ;
; -7.625 ; Music:dha1|count_sa5[6]  ; Music:dha1|count_sa5[15] ; clk_50       ; clk_50      ; 1.000        ; 0.000      ; 8.292      ;
; -7.619 ; Music:sa1|count_sa0[16]  ; Music:sa1|count_sa0[10]  ; clk_50       ; clk_50      ; 1.000        ; 0.000      ; 8.286      ;
; -7.617 ; Music:sa1|count_sa0[16]  ; Music:sa1|count_sa0[15]  ; clk_50       ; clk_50      ; 1.000        ; 0.000      ; 8.284      ;
; -7.610 ; Music:sa1|count_sa0[16]  ; Music:sa1|count_sa0[9]   ; clk_50       ; clk_50      ; 1.000        ; 0.000      ; 8.277      ;
; -7.608 ; Music:sa1|count_sa0[16]  ; Music:sa1|count_sa0[16]  ; clk_50       ; clk_50      ; 1.000        ; 0.000      ; 8.275      ;
; -7.588 ; Music:re1|count_sa1[1]   ; Music:re1|count_sa1[11]  ; clk_50       ; clk_50      ; 1.000        ; 0.000      ; 8.255      ;
; -7.576 ; Music:sa1|count_sa0[0]   ; Music:pa1|count_sa4[9]   ; clk_50       ; clk_50      ; 1.000        ; 0.000      ; 8.243      ;
; -7.561 ; Music:pa1|count_sa4[10]  ; Music:pa1|toneOut        ; clk_50       ; clk_50      ; 1.000        ; 0.000      ; 8.228      ;
; -7.554 ; Music:re1|count_sa1[5]   ; Music:re1|count_sa1[9]   ; clk_50       ; clk_50      ; 1.000        ; 0.000      ; 8.221      ;
; -7.553 ; Music:re1|count_sa1[6]   ; Music:re1|count_sa1[12]  ; clk_50       ; clk_50      ; 1.000        ; 0.000      ; 8.220      ;
; -7.532 ; Music:ma1|count_sa3[0]   ; Music:ma1|count_sa3[20]  ; clk_50       ; clk_50      ; 1.000        ; 0.000      ; 8.199      ;
; -7.531 ; Music:re1|count_sa1[4]   ; Music:re1|count_sa1[11]  ; clk_50       ; clk_50      ; 1.000        ; 0.000      ; 8.198      ;
; -7.512 ; Music:dha1|count_sa5[4]  ; Music:dha1|count_sa5[12] ; clk_50       ; clk_50      ; 1.000        ; 0.000      ; 8.179      ;
; -7.510 ; Music:sa1|count_sa0[0]   ; Music:sa1|count_sa0[21]  ; clk_50       ; clk_50      ; 1.000        ; 0.000      ; 8.177      ;
; -7.506 ; Music:sa1|count_sa0[0]   ; Music:pa1|count_sa4[14]  ; clk_50       ; clk_50      ; 1.000        ; 0.000      ; 8.173      ;
; -7.504 ; Music:re1|count_sa1[0]   ; Music:re1|count_sa1[12]  ; clk_50       ; clk_50      ; 1.000        ; 0.000      ; 8.171      ;
; -7.500 ; Music:sa1|count_sa0[0]   ; Music:sa1|count_sa0[23]  ; clk_50       ; clk_50      ; 1.000        ; 0.000      ; 8.167      ;
; -7.496 ; Music:dha1|count_sa5[4]  ; Music:dha1|count_sa5[14] ; clk_50       ; clk_50      ; 1.000        ; 0.000      ; 8.163      ;
; -7.494 ; Music:sa1|count_sa0[1]   ; Music:sa1|count_sa0[15]  ; clk_50       ; clk_50      ; 1.000        ; 0.000      ; 8.161      ;
; -7.488 ; Music:dha1|count_sa5[4]  ; Music:dha1|count_sa5[15] ; clk_50       ; clk_50      ; 1.000        ; 0.000      ; 8.155      ;
; -7.484 ; Music:sa1|count_sa0[1]   ; Music:dha1|count_sa5[12] ; clk_50       ; clk_50      ; 1.000        ; 0.000      ; 8.151      ;
; -7.479 ; Music:sa1|count_sa0[1]   ; Music:sa1|count_sa0[10]  ; clk_50       ; clk_50      ; 1.000        ; 0.000      ; 8.146      ;
; -7.479 ; Music:dha1|count_sa5[4]  ; Music:dha1|count_sa5[18] ; clk_50       ; clk_50      ; 1.000        ; 0.000      ; 8.146      ;
; -7.468 ; Music:sa1|count_sa0[1]   ; Music:dha1|count_sa5[14] ; clk_50       ; clk_50      ; 1.000        ; 0.000      ; 8.135      ;
; -7.466 ; Music:re1|count_sa1[1]   ; Music:re1|count_sa1[12]  ; clk_50       ; clk_50      ; 1.000        ; 0.000      ; 8.133      ;
; -7.460 ; Music:sa1|count_sa0[1]   ; Music:dha1|count_sa5[15] ; clk_50       ; clk_50      ; 1.000        ; 0.000      ; 8.127      ;
; -7.456 ; Music:sa1|count_sa0[8]   ; Music:sa1|count_sa0[22]  ; clk_50       ; clk_50      ; 1.000        ; 0.000      ; 8.123      ;
; -7.451 ; Music:sa1|count_sa0[1]   ; Music:dha1|count_sa5[18] ; clk_50       ; clk_50      ; 1.000        ; 0.000      ; 8.118      ;
; -7.442 ; Music:sa1|count_sa0[9]   ; Music:sa1|count_sa0[22]  ; clk_50       ; clk_50      ; 1.000        ; 0.000      ; 8.109      ;
; -7.441 ; Music:sa1|count_sa0[1]   ; Music:sa1|count_sa0[18]  ; clk_50       ; clk_50      ; 1.000        ; 0.000      ; 8.108      ;
; -7.437 ; Music:sa1|count_sa0[2]   ; Music:sa1|count_sa0[21]  ; clk_50       ; clk_50      ; 1.000        ; 0.000      ; 8.104      ;
; -7.432 ; Music:sa1|count_sa0[0]   ; Music:sa1|count_sa0[11]  ; clk_50       ; clk_50      ; 1.000        ; 0.000      ; 8.099      ;
; -7.431 ; Music:re1|count_sa1[21]  ; Music:re1|count_sa1[5]   ; clk_50       ; clk_50      ; 1.000        ; 0.000      ; 8.098      ;
; -7.431 ; Music:re1|count_sa1[7]   ; Music:re1|count_sa1[9]   ; clk_50       ; clk_50      ; 1.000        ; 0.000      ; 8.098      ;
; -7.429 ; Music:sa1|count_sa0[0]   ; Music:pa1|count_sa4[15]  ; clk_50       ; clk_50      ; 1.000        ; 0.000      ; 8.096      ;
; -7.427 ; Music:sa1|count_sa0[2]   ; Music:sa1|count_sa0[23]  ; clk_50       ; clk_50      ; 1.000        ; 0.000      ; 8.094      ;
; -7.425 ; Music:re1|count_sa1[21]  ; Music:re1|count_sa1[7]   ; clk_50       ; clk_50      ; 1.000        ; 0.000      ; 8.092      ;
; -7.425 ; Music:sa1|count_sa0[0]   ; Music:pa1|count_sa4[12]  ; clk_50       ; clk_50      ; 1.000        ; 0.000      ; 8.092      ;
; -7.424 ; Music:re1|count_sa1[21]  ; Music:re1|count_sa1[1]   ; clk_50       ; clk_50      ; 1.000        ; 0.000      ; 8.091      ;
; -7.423 ; Music:re1|count_sa1[21]  ; Music:re1|count_sa1[4]   ; clk_50       ; clk_50      ; 1.000        ; 0.000      ; 8.090      ;
; -7.420 ; Music:re1|count_sa1[5]   ; Music:re1|count_sa1[11]  ; clk_50       ; clk_50      ; 1.000        ; 0.000      ; 8.087      ;
; -7.419 ; Music:sa1|count_sa0[14]  ; Music:sa1|count_sa0[22]  ; clk_50       ; clk_50      ; 1.000        ; 0.000      ; 8.086      ;
; -7.415 ; Music:dha1|count_sa5[4]  ; Music:dha1|count_sa5[13] ; clk_50       ; clk_50      ; 1.000        ; 0.000      ; 8.082      ;
; -7.409 ; Music:re1|count_sa1[4]   ; Music:re1|count_sa1[12]  ; clk_50       ; clk_50      ; 1.000        ; 0.000      ; 8.076      ;
; -7.387 ; timecounter[23]          ; clk_c                    ; clk_50       ; clk_50      ; 1.000        ; 0.000      ; 8.054      ;
; -7.387 ; Music:sa1|count_sa0[1]   ; Music:dha1|count_sa5[13] ; clk_50       ; clk_50      ; 1.000        ; 0.000      ; 8.054      ;
; -7.379 ; Music:ga1|count_sa2[13]  ; Music:ga1|count_sa2[16]  ; clk_50       ; clk_50      ; 1.000        ; 0.000      ; 8.046      ;
; -7.362 ; Music:pa1|count_sa4[11]  ; Music:pa1|toneOut        ; clk_50       ; clk_50      ; 1.000        ; 0.000      ; 8.029      ;
; -7.359 ; Music:sa1|count_sa0[2]   ; Music:sa1|count_sa0[11]  ; clk_50       ; clk_50      ; 1.000        ; 0.000      ; 8.026      ;
; -7.357 ; Music:re1|count_sa1[16]  ; Music:re1|count_sa1[20]  ; clk_50       ; clk_50      ; 1.000        ; 0.000      ; 8.024      ;
; -7.356 ; Music:sa1|count_sa0[0]   ; Music:pa1|count_sa4[17]  ; clk_50       ; clk_50      ; 1.000        ; 0.000      ; 8.023      ;
; -7.348 ; Music:sa1|count_sa0[1]   ; Music:sa1|count_sa0[16]  ; clk_50       ; clk_50      ; 1.000        ; 0.000      ; 8.015      ;
; -7.347 ; Music:sa1|count_sa0[1]   ; Music:sa1|count_sa0[9]   ; clk_50       ; clk_50      ; 1.000        ; 0.000      ; 8.014      ;
; -7.344 ; Music:re1|count_sa1[13]  ; Music:re1|count_sa1[8]   ; clk_50       ; clk_50      ; 1.000        ; 0.000      ; 8.011      ;
; -7.343 ; Music:re1|count_sa1[13]  ; Music:re1|count_sa1[16]  ; clk_50       ; clk_50      ; 1.000        ; 0.000      ; 8.010      ;
; -7.342 ; Music:sa1|count_sa0[10]  ; Music:sa1|count_sa0[22]  ; clk_50       ; clk_50      ; 1.000        ; 0.000      ; 8.009      ;
; -7.340 ; Music:pa1|count_sa4[10]  ; Music:pa1|count_sa4[8]   ; clk_50       ; clk_50      ; 1.000        ; 0.000      ; 8.007      ;
; -7.339 ; Music:re1|count_sa1[13]  ; Music:re1|count_sa1[11]  ; clk_50       ; clk_50      ; 1.000        ; 0.000      ; 8.006      ;
; -7.339 ; Music:re1|count_sa1[13]  ; Music:re1|count_sa1[13]  ; clk_50       ; clk_50      ; 1.000        ; 0.000      ; 8.006      ;
; -7.338 ; Music:re1|count_sa1[13]  ; Music:re1|count_sa1[14]  ; clk_50       ; clk_50      ; 1.000        ; 0.000      ; 8.005      ;
; -7.337 ; Music:pa1|count_sa4[10]  ; Music:pa1|count_sa4[10]  ; clk_50       ; clk_50      ; 1.000        ; 0.000      ; 8.004      ;
; -7.336 ; Music:sa1|count_sa0[13]  ; Music:sa1|count_sa0[22]  ; clk_50       ; clk_50      ; 1.000        ; 0.000      ; 8.003      ;
; -7.335 ; Music:dha1|count_sa5[22] ; Music:dha1|toneOut       ; clk_50       ; clk_50      ; 1.000        ; 0.000      ; 8.002      ;
; -7.334 ; Music:pa1|count_sa4[10]  ; Music:pa1|count_sa4[16]  ; clk_50       ; clk_50      ; 1.000        ; 0.000      ; 8.001      ;
; -7.332 ; Music:pa1|count_sa4[10]  ; Music:pa1|count_sa4[2]   ; clk_50       ; clk_50      ; 1.000        ; 0.000      ; 7.999      ;
; -7.332 ; Music:sa1|count_sa0[0]   ; Music:pa1|count_sa4[18]  ; clk_50       ; clk_50      ; 1.000        ; 0.000      ; 7.999      ;
; -7.329 ; Music:ma1|count_sa3[0]   ; Music:ma1|count_sa3[12]  ; clk_50       ; clk_50      ; 1.000        ; 0.000      ; 7.996      ;
; -7.327 ; Music:ma1|count_sa3[21]  ; Music:ma1|count_sa3[12]  ; clk_50       ; clk_50      ; 1.000        ; 0.000      ; 7.994      ;
; -7.321 ; Music:sa1|count_sa0[19]  ; Music:sa1|count_sa0[10]  ; clk_50       ; clk_50      ; 1.000        ; 0.000      ; 7.988      ;
+--------+--------------------------+--------------------------+--------------+-------------+--------------+------------+------------+


+-----------------------------------------------------------------------------------------------------------------------------------+
; Hold: 'clk_50'                                                                                                                    ;
+-------+--------------------------+--------------------------+--------------+-------------+--------------+------------+------------+
; Slack ; From Node                ; To Node                  ; Launch Clock ; Latch Clock ; Relationship ; Clock Skew ; Data Delay ;
+-------+--------------------------+--------------------------+--------------+-------------+--------------+------------+------------+
; 1.639 ; Music:ni1|toneOut        ; Music:ni1|toneOut        ; clk_50       ; clk_50      ; 0.000        ; 0.000      ; 1.860      ;
; 1.906 ; clk_c                    ; clock_music              ; clk_50       ; clk_50      ; 0.000        ; 0.000      ; 2.127      ;
; 1.926 ; Music:sa1|count_sa0[0]   ; Music:sa1|count_sa0[0]   ; clk_50       ; clk_50      ; 0.000        ; 0.000      ; 2.147      ;
; 2.107 ; Music:sa1|toneOut        ; Music:sa1|toneOut        ; clk_50       ; clk_50      ; 0.000        ; 0.000      ; 2.328      ;
; 2.133 ; Music:ni1|count_sa6[0]   ; Music:ni1|count_sa6[0]   ; clk_50       ; clk_50      ; 0.000        ; 0.000      ; 2.354      ;
; 2.142 ; Music:dha1|toneOut       ; Music:dha1|toneOut       ; clk_50       ; clk_50      ; 0.000        ; 0.000      ; 2.363      ;
; 2.211 ; Music:ma1|toneOut        ; Music:ma1|toneOut        ; clk_50       ; clk_50      ; 0.000        ; 0.000      ; 2.432      ;
; 2.211 ; Music:ma1|count_sa3[0]   ; Music:ma1|count_sa3[0]   ; clk_50       ; clk_50      ; 0.000        ; 0.000      ; 2.432      ;
; 2.222 ; Music:pa1|toneOut        ; Music:pa1|toneOut        ; clk_50       ; clk_50      ; 0.000        ; 0.000      ; 2.443      ;
; 2.229 ; Music:re1|count_sa1[0]   ; Music:re1|count_sa1[0]   ; clk_50       ; clk_50      ; 0.000        ; 0.000      ; 2.450      ;
; 2.232 ; Music:re1|toneOut        ; Music:re1|toneOut        ; clk_50       ; clk_50      ; 0.000        ; 0.000      ; 2.453      ;
; 2.333 ; Music:pa1|count_sa4[17]  ; Music:pa1|toneOut        ; clk_50       ; clk_50      ; 0.000        ; 0.000      ; 2.554      ;
; 2.519 ; Music:sa1|count_sa0[17]  ; Music:sa1|count_sa0[7]   ; clk_50       ; clk_50      ; 0.000        ; 0.000      ; 2.740      ;
; 2.564 ; Music:ga1|count_sa2[17]  ; Music:ga1|count_sa2[7]   ; clk_50       ; clk_50      ; 0.000        ; 0.000      ; 2.785      ;
; 2.567 ; Music:ga1|count_sa2[17]  ; Music:ga1|count_sa2[8]   ; clk_50       ; clk_50      ; 0.000        ; 0.000      ; 2.788      ;
; 2.568 ; Music:ga1|count_sa2[17]  ; Music:ga1|count_sa2[2]   ; clk_50       ; clk_50      ; 0.000        ; 0.000      ; 2.789      ;
; 2.578 ; Music:sa1|count_sa0[24]  ; Music:sa1|count_sa0[10]  ; clk_50       ; clk_50      ; 0.000        ; 0.000      ; 2.799      ;
; 2.582 ; Music:sa1|count_sa0[24]  ; Music:sa1|count_sa0[15]  ; clk_50       ; clk_50      ; 0.000        ; 0.000      ; 2.803      ;
; 2.589 ; Music:sa1|count_sa0[24]  ; Music:sa1|count_sa0[9]   ; clk_50       ; clk_50      ; 0.000        ; 0.000      ; 2.810      ;
; 2.589 ; Music:sa1|count_sa0[24]  ; Music:sa1|count_sa0[16]  ; clk_50       ; clk_50      ; 0.000        ; 0.000      ; 2.810      ;
; 2.620 ; timecounter[13]          ; timecounter[11]          ; clk_50       ; clk_50      ; 0.000        ; 0.000      ; 2.841      ;
; 2.675 ; Music:ni1|count_sa6[17]  ; Music:ni1|toneOut        ; clk_50       ; clk_50      ; 0.000        ; 0.000      ; 2.896      ;
; 2.678 ; Music:ni1|count_sa6[17]  ; Music:ni1|count_sa6[9]   ; clk_50       ; clk_50      ; 0.000        ; 0.000      ; 2.899      ;
; 2.681 ; Music:ni1|count_sa6[17]  ; Music:ni1|count_sa6[15]  ; clk_50       ; clk_50      ; 0.000        ; 0.000      ; 2.902      ;
; 2.723 ; Music:re1|count_sa1[17]  ; Music:re1|count_sa1[11]  ; clk_50       ; clk_50      ; 0.000        ; 0.000      ; 2.944      ;
; 2.723 ; Music:re1|count_sa1[17]  ; Music:re1|count_sa1[14]  ; clk_50       ; clk_50      ; 0.000        ; 0.000      ; 2.944      ;
; 2.724 ; Music:re1|count_sa1[17]  ; Music:re1|count_sa1[13]  ; clk_50       ; clk_50      ; 0.000        ; 0.000      ; 2.945      ;
; 2.726 ; Music:re1|count_sa1[17]  ; Music:re1|count_sa1[16]  ; clk_50       ; clk_50      ; 0.000        ; 0.000      ; 2.947      ;
; 2.728 ; Music:re1|count_sa1[17]  ; Music:re1|count_sa1[8]   ; clk_50       ; clk_50      ; 0.000        ; 0.000      ; 2.949      ;
; 2.771 ; Music:sa1|count_sa0[24]  ; Music:sa1|toneOut        ; clk_50       ; clk_50      ; 0.000        ; 0.000      ; 2.992      ;
; 2.774 ; Music:dha1|count_sa5[16] ; Music:dha1|toneOut       ; clk_50       ; clk_50      ; 0.000        ; 0.000      ; 2.995      ;
; 2.825 ; Music:sa1|count_sa0[25]  ; Music:sa1|count_sa0[25]  ; clk_50       ; clk_50      ; 0.000        ; 0.000      ; 3.046      ;
; 2.825 ; Music:re1|count_sa1[25]  ; Music:re1|count_sa1[25]  ; clk_50       ; clk_50      ; 0.000        ; 0.000      ; 3.046      ;
; 2.832 ; Music:pa1|count_sa4[19]  ; Music:pa1|toneOut        ; clk_50       ; clk_50      ; 0.000        ; 0.000      ; 3.053      ;
; 2.836 ; Music:ga1|count_sa2[24]  ; Music:ga1|count_sa2[24]  ; clk_50       ; clk_50      ; 0.000        ; 0.000      ; 3.057      ;
; 2.836 ; Music:pa1|count_sa4[24]  ; Music:pa1|count_sa4[24]  ; clk_50       ; clk_50      ; 0.000        ; 0.000      ; 3.057      ;
; 2.836 ; Music:dha1|count_sa5[24] ; Music:dha1|count_sa5[24] ; clk_50       ; clk_50      ; 0.000        ; 0.000      ; 3.057      ;
; 2.838 ; Music:re1|count_sa1[2]   ; Music:re1|count_sa1[2]   ; clk_50       ; clk_50      ; 0.000        ; 0.000      ; 3.059      ;
; 2.850 ; Music:ga1|count_sa2[17]  ; Music:ga1|count_sa2[14]  ; clk_50       ; clk_50      ; 0.000        ; 0.000      ; 3.071      ;
; 2.853 ; Music:ga1|count_sa2[17]  ; Music:ga1|toneOut        ; clk_50       ; clk_50      ; 0.000        ; 0.000      ; 3.074      ;
; 2.855 ; Music:re1|count_sa1[17]  ; Music:re1|count_sa1[7]   ; clk_50       ; clk_50      ; 0.000        ; 0.000      ; 3.076      ;
; 2.855 ; Music:ga1|count_sa2[17]  ; Music:ga1|count_sa2[10]  ; clk_50       ; clk_50      ; 0.000        ; 0.000      ; 3.076      ;
; 2.856 ; Music:re1|count_sa1[17]  ; Music:re1|count_sa1[4]   ; clk_50       ; clk_50      ; 0.000        ; 0.000      ; 3.077      ;
; 2.857 ; Music:re1|count_sa1[17]  ; Music:re1|count_sa1[1]   ; clk_50       ; clk_50      ; 0.000        ; 0.000      ; 3.078      ;
; 2.858 ; Music:re1|count_sa1[17]  ; Music:re1|count_sa1[5]   ; clk_50       ; clk_50      ; 0.000        ; 0.000      ; 3.079      ;
; 2.865 ; Music:re1|count_sa1[3]   ; Music:re1|count_sa1[3]   ; clk_50       ; clk_50      ; 0.000        ; 0.000      ; 3.086      ;
; 2.940 ; Music:ma1|count_sa3[17]  ; Music:ma1|count_sa3[16]  ; clk_50       ; clk_50      ; 0.000        ; 0.000      ; 3.161      ;
; 2.994 ; Music:ga1|count_sa2[23]  ; Music:ga1|count_sa2[23]  ; clk_50       ; clk_50      ; 0.000        ; 0.000      ; 3.215      ;
; 2.994 ; Music:pa1|count_sa4[23]  ; Music:pa1|count_sa4[23]  ; clk_50       ; clk_50      ; 0.000        ; 0.000      ; 3.215      ;
; 2.994 ; Music:dha1|count_sa5[23] ; Music:dha1|count_sa5[23] ; clk_50       ; clk_50      ; 0.000        ; 0.000      ; 3.215      ;
; 3.101 ; timecounter[24]          ; timecounter[20]          ; clk_50       ; clk_50      ; 0.000        ; 0.000      ; 3.322      ;
; 3.102 ; timecounter[24]          ; timecounter[16]          ; clk_50       ; clk_50      ; 0.000        ; 0.000      ; 3.323      ;
; 3.106 ; Music:dha1|count_sa5[3]  ; Music:dha1|count_sa5[14] ; clk_50       ; clk_50      ; 0.000        ; 0.000      ; 3.327      ;
; 3.108 ; Music:dha1|count_sa5[3]  ; Music:dha1|count_sa5[13] ; clk_50       ; clk_50      ; 0.000        ; 0.000      ; 3.329      ;
; 3.113 ; Music:dha1|count_sa5[3]  ; Music:dha1|count_sa5[12] ; clk_50       ; clk_50      ; 0.000        ; 0.000      ; 3.334      ;
; 3.113 ; timecounter[24]          ; timecounter[19]          ; clk_50       ; clk_50      ; 0.000        ; 0.000      ; 3.334      ;
; 3.115 ; timecounter[24]          ; timecounter[22]          ; clk_50       ; clk_50      ; 0.000        ; 0.000      ; 3.336      ;
; 3.116 ; timecounter[24]          ; timecounter[18]          ; clk_50       ; clk_50      ; 0.000        ; 0.000      ; 3.337      ;
; 3.173 ; Music:pa1|count_sa4[24]  ; Music:pa1|toneOut        ; clk_50       ; clk_50      ; 0.000        ; 0.000      ; 3.394      ;
; 3.183 ; Music:dha1|count_sa5[24] ; Music:dha1|count_sa5[15] ; clk_50       ; clk_50      ; 0.000        ; 0.000      ; 3.404      ;
; 3.189 ; clk_c                    ; clk_c                    ; clk_50       ; clk_50      ; 0.000        ; 0.000      ; 3.410      ;
; 3.193 ; timecounter[13]          ; clock_music              ; clk_50       ; clk_50      ; 0.000        ; 0.000      ; 3.414      ;
; 3.193 ; timecounter[13]          ; timecounter[17]          ; clk_50       ; clk_50      ; 0.000        ; 0.000      ; 3.414      ;
; 3.196 ; timecounter[13]          ; timecounter[14]          ; clk_50       ; clk_50      ; 0.000        ; 0.000      ; 3.417      ;
; 3.211 ; Music:ga1|count_sa2[24]  ; Music:ga1|count_sa2[7]   ; clk_50       ; clk_50      ; 0.000        ; 0.000      ; 3.432      ;
; 3.217 ; Music:ga1|count_sa2[24]  ; Music:ga1|toneOut        ; clk_50       ; clk_50      ; 0.000        ; 0.000      ; 3.438      ;
; 3.219 ; Music:ga1|count_sa2[24]  ; Music:ga1|count_sa2[8]   ; clk_50       ; clk_50      ; 0.000        ; 0.000      ; 3.440      ;
; 3.220 ; Music:ga1|count_sa2[24]  ; Music:ga1|count_sa2[2]   ; clk_50       ; clk_50      ; 0.000        ; 0.000      ; 3.441      ;
; 3.252 ; Music:pa1|count_sa4[24]  ; Music:pa1|count_sa4[6]   ; clk_50       ; clk_50      ; 0.000        ; 0.000      ; 3.473      ;
; 3.258 ; Music:pa1|count_sa4[24]  ; Music:pa1|count_sa4[2]   ; clk_50       ; clk_50      ; 0.000        ; 0.000      ; 3.479      ;
; 3.265 ; Music:pa1|count_sa4[24]  ; Music:pa1|count_sa4[8]   ; clk_50       ; clk_50      ; 0.000        ; 0.000      ; 3.486      ;
; 3.275 ; Music:re1|count_sa1[6]   ; Music:re1|toneOut        ; clk_50       ; clk_50      ; 0.000        ; 0.000      ; 3.496      ;
; 3.282 ; Music:ma1|count_sa3[17]  ; Music:ma1|count_sa3[1]   ; clk_50       ; clk_50      ; 0.000        ; 0.000      ; 3.503      ;
; 3.299 ; Music:ga1|toneOut        ; Music:ga1|toneOut        ; clk_50       ; clk_50      ; 0.000        ; 0.000      ; 3.520      ;
; 3.359 ; Music:re1|count_sa1[9]   ; Music:re1|toneOut        ; clk_50       ; clk_50      ; 0.000        ; 0.000      ; 3.580      ;
; 3.366 ; Music:sa1|count_sa0[5]   ; Music:sa1|count_sa0[5]   ; clk_50       ; clk_50      ; 0.000        ; 0.000      ; 3.587      ;
; 3.370 ; Music:sa1|count_sa0[3]   ; Music:sa1|count_sa0[3]   ; clk_50       ; clk_50      ; 0.000        ; 0.000      ; 3.591      ;
; 3.398 ; Music:ni1|count_sa6[1]   ; Music:ni1|count_sa6[0]   ; clk_50       ; clk_50      ; 0.000        ; 0.000      ; 3.619      ;
; 3.431 ; Music:dha1|count_sa5[8]  ; Music:dha1|count_sa5[14] ; clk_50       ; clk_50      ; 0.000        ; 0.000      ; 3.652      ;
; 3.433 ; Music:dha1|count_sa5[8]  ; Music:dha1|count_sa5[13] ; clk_50       ; clk_50      ; 0.000        ; 0.000      ; 3.654      ;
; 3.438 ; Music:dha1|count_sa5[8]  ; Music:dha1|count_sa5[12] ; clk_50       ; clk_50      ; 0.000        ; 0.000      ; 3.659      ;
; 3.445 ; Music:ga1|count_sa2[26]  ; Music:ga1|count_sa2[26]  ; clk_50       ; clk_50      ; 0.000        ; 0.000      ; 3.666      ;
; 3.447 ; Music:ni1|count_sa6[14]  ; Music:ni1|count_sa6[0]   ; clk_50       ; clk_50      ; 0.000        ; 0.000      ; 3.668      ;
; 3.457 ; Music:ma1|count_sa3[17]  ; Music:ma1|count_sa3[13]  ; clk_50       ; clk_50      ; 0.000        ; 0.000      ; 3.678      ;
; 3.460 ; Music:ma1|count_sa3[19]  ; Music:ma1|count_sa3[16]  ; clk_50       ; clk_50      ; 0.000        ; 0.000      ; 3.681      ;
; 3.462 ; Music:ni1|count_sa6[17]  ; Music:ni1|count_sa6[12]  ; clk_50       ; clk_50      ; 0.000        ; 0.000      ; 3.683      ;
; 3.464 ; Music:ni1|count_sa6[17]  ; Music:ni1|count_sa6[3]   ; clk_50       ; clk_50      ; 0.000        ; 0.000      ; 3.685      ;
; 3.468 ; Music:pa1|count_sa4[24]  ; Music:pa1|count_sa4[16]  ; clk_50       ; clk_50      ; 0.000        ; 0.000      ; 3.689      ;
; 3.471 ; Music:pa1|count_sa4[24]  ; Music:pa1|count_sa4[9]   ; clk_50       ; clk_50      ; 0.000        ; 0.000      ; 3.692      ;
; 3.472 ; Music:pa1|count_sa4[24]  ; Music:pa1|count_sa4[10]  ; clk_50       ; clk_50      ; 0.000        ; 0.000      ; 3.693      ;
; 3.480 ; Music:sa1|count_sa0[24]  ; Music:sa1|count_sa0[12]  ; clk_50       ; clk_50      ; 0.000        ; 0.000      ; 3.701      ;
; 3.541 ; Music:sa1|count_sa0[24]  ; Music:sa1|count_sa0[6]   ; clk_50       ; clk_50      ; 0.000        ; 0.000      ; 3.762      ;
; 3.544 ; Music:pa1|count_sa4[18]  ; Music:pa1|toneOut        ; clk_50       ; clk_50      ; 0.000        ; 0.000      ; 3.765      ;
; 3.559 ; Music:dha1|count_sa5[16] ; Music:dha1|count_sa5[10] ; clk_50       ; clk_50      ; 0.000        ; 0.000      ; 3.780      ;
; 3.571 ; Music:sa1|count_sa0[17]  ; Music:sa1|count_sa0[5]   ; clk_50       ; clk_50      ; 0.000        ; 0.000      ; 3.792      ;
; 3.572 ; Music:sa1|count_sa0[17]  ; Music:sa1|count_sa0[3]   ; clk_50       ; clk_50      ; 0.000        ; 0.000      ; 3.793      ;
; 3.582 ; Music:dha1|count_sa5[3]  ; Music:dha1|count_sa5[2]  ; clk_50       ; clk_50      ; 0.000        ; 0.000      ; 3.803      ;
; 3.583 ; Music:dha1|count_sa5[3]  ; Music:dha1|count_sa5[5]  ; clk_50       ; clk_50      ; 0.000        ; 0.000      ; 3.804      ;
; 3.599 ; Music:ni1|count_sa6[4]   ; Music:ni1|count_sa6[0]   ; clk_50       ; clk_50      ; 0.000        ; 0.000      ; 3.820      ;
; 3.607 ; Music:dha1|count_sa5[24] ; Music:dha1|count_sa5[2]  ; clk_50       ; clk_50      ; 0.000        ; 0.000      ; 3.828      ;
+-------+--------------------------+--------------------------+--------------+-------------+--------------+------------+------------+


+-------------------------------------------------------------------------------------------------------------------+
; Hold: 'clock_music'                                                                                               ;
+-------+------------------+------------------+--------------+-------------+--------------+------------+------------+
; Slack ; From Node        ; To Node          ; Launch Clock ; Latch Clock ; Relationship ; Clock Skew ; Data Delay ;
+-------+------------------+------------------+--------------+-------------+--------------+------------+------------+
; 2.126 ; y_present.re     ; y_present.re     ; clock_music  ; clock_music ; 0.000        ; 0.000      ; 2.347      ;
; 2.145 ; y_present.ma     ; y_present.ma     ; clock_music  ; clock_music ; 0.000        ; 0.000      ; 2.366      ;
; 2.167 ; count[0]         ; count[0]         ; clock_music  ; clock_music ; 0.000        ; 0.000      ; 2.388      ;
; 3.217 ; y_present.pa     ; y_present.dha    ; clock_music  ; clock_music ; 0.000        ; 0.000      ; 3.438      ;
; 3.225 ; y_present.ni     ; y_present.ni     ; clock_music  ; clock_music ; 0.000        ; 0.000      ; 3.446      ;
; 3.370 ; count[2]         ; count[2]         ; clock_music  ; clock_music ; 0.000        ; 0.000      ; 3.591      ;
; 3.375 ; y_present.ni     ; y_present.ga     ; clock_music  ; clock_music ; 0.000        ; 0.000      ; 3.596      ;
; 3.398 ; y_present.ma     ; y_present.pa     ; clock_music  ; clock_music ; 0.000        ; 0.000      ; 3.619      ;
; 3.659 ; y_present.dha    ; y_present.Silent ; clock_music  ; clock_music ; 0.000        ; 0.000      ; 3.880      ;
; 3.665 ; y_present.ga     ; y_present.ga     ; clock_music  ; clock_music ; 0.000        ; 0.000      ; 3.886      ;
; 3.749 ; y_present.pa     ; y_present.pa     ; clock_music  ; clock_music ; 0.000        ; 0.000      ; 3.970      ;
; 3.780 ; count[5]         ; count[5]         ; clock_music  ; clock_music ; 0.000        ; 0.000      ; 4.001      ;
; 3.846 ; y_present.ni     ; y_present.re     ; clock_music  ; clock_music ; 0.000        ; 0.000      ; 4.067      ;
; 3.847 ; y_present.ni     ; y_present.sa     ; clock_music  ; clock_music ; 0.000        ; 0.000      ; 4.068      ;
; 4.002 ; y_present.ma     ; y_present.Silent ; clock_music  ; clock_music ; 0.000        ; 0.000      ; 4.223      ;
; 4.096 ; y_present.dha    ; y_present.pa     ; clock_music  ; clock_music ; 0.000        ; 0.000      ; 4.317      ;
; 4.349 ; y_present.ni     ; y_present.dha    ; clock_music  ; clock_music ; 0.000        ; 0.000      ; 4.570      ;
; 4.393 ; y_present.sa     ; y_present.Silent ; clock_music  ; clock_music ; 0.000        ; 0.000      ; 4.614      ;
; 4.414 ; y_present.ma     ; y_present.ga     ; clock_music  ; clock_music ; 0.000        ; 0.000      ; 4.635      ;
; 4.471 ; y_present.Silent ; y_present.Silent ; clock_music  ; clock_music ; 0.000        ; 0.000      ; 4.692      ;
; 4.591 ; y_present.Silent ; y_present.pa     ; clock_music  ; clock_music ; 0.000        ; 0.000      ; 4.812      ;
; 4.824 ; count[2]         ; count[5]         ; clock_music  ; clock_music ; 0.000        ; 0.000      ; 5.045      ;
; 4.874 ; y_present.sa     ; y_present.sa     ; clock_music  ; clock_music ; 0.000        ; 0.000      ; 5.095      ;
; 4.880 ; y_present.sa     ; y_present.ni     ; clock_music  ; clock_music ; 0.000        ; 0.000      ; 5.101      ;
; 4.885 ; y_present.ma     ; y_present.re     ; clock_music  ; clock_music ; 0.000        ; 0.000      ; 5.106      ;
; 4.886 ; y_present.ma     ; y_present.sa     ; clock_music  ; clock_music ; 0.000        ; 0.000      ; 5.107      ;
; 4.893 ; y_present.pa     ; y_present.ma     ; clock_music  ; clock_music ; 0.000        ; 0.000      ; 5.114      ;
; 4.942 ; y_present.dha    ; y_present.ma     ; clock_music  ; clock_music ; 0.000        ; 0.000      ; 5.163      ;
; 4.980 ; y_present.Silent ; y_present.ga     ; clock_music  ; clock_music ; 0.000        ; 0.000      ; 5.201      ;
; 5.120 ; y_present.re     ; y_present.sa     ; clock_music  ; clock_music ; 0.000        ; 0.000      ; 5.341      ;
; 5.175 ; y_present.ga     ; y_present.re     ; clock_music  ; clock_music ; 0.000        ; 0.000      ; 5.396      ;
; 5.256 ; count[1]         ; count[2]         ; clock_music  ; clock_music ; 0.000        ; 0.000      ; 5.477      ;
; 5.261 ; count[3]         ; count[17]        ; clock_music  ; clock_music ; 0.000        ; 0.000      ; 5.482      ;
; 5.261 ; count[3]         ; count[19]        ; clock_music  ; clock_music ; 0.000        ; 0.000      ; 5.482      ;
; 5.323 ; count[21]        ; count[21]        ; clock_music  ; clock_music ; 0.000        ; 0.000      ; 5.544      ;
; 5.388 ; y_present.ma     ; y_present.dha    ; clock_music  ; clock_music ; 0.000        ; 0.000      ; 5.609      ;
; 5.395 ; count[22]        ; count[22]        ; clock_music  ; clock_music ; 0.000        ; 0.000      ; 5.616      ;
; 5.397 ; count[2]         ; count[17]        ; clock_music  ; clock_music ; 0.000        ; 0.000      ; 5.618      ;
; 5.397 ; count[2]         ; count[19]        ; clock_music  ; clock_music ; 0.000        ; 0.000      ; 5.618      ;
; 5.404 ; count[2]         ; count[3]         ; clock_music  ; clock_music ; 0.000        ; 0.000      ; 5.625      ;
; 5.408 ; y_present.sa     ; y_present.pa     ; clock_music  ; clock_music ; 0.000        ; 0.000      ; 5.629      ;
; 5.421 ; count[6]         ; count[6]         ; clock_music  ; clock_music ; 0.000        ; 0.000      ; 5.642      ;
; 5.428 ; count[3]         ; y_present.Silent ; clock_music  ; clock_music ; 0.000        ; 0.000      ; 5.649      ;
; 5.451 ; y_present.Silent ; y_present.re     ; clock_music  ; clock_music ; 0.000        ; 0.000      ; 5.672      ;
; 5.452 ; y_present.Silent ; y_present.sa     ; clock_music  ; clock_music ; 0.000        ; 0.000      ; 5.673      ;
; 5.469 ; count[18]        ; count[18]        ; clock_music  ; clock_music ; 0.000        ; 0.000      ; 5.690      ;
; 5.522 ; count[23]        ; count[23]        ; clock_music  ; clock_music ; 0.000        ; 0.000      ; 5.743      ;
; 5.544 ; count[3]         ; y_present.dha    ; clock_music  ; clock_music ; 0.000        ; 0.000      ; 5.765      ;
; 5.555 ; count[2]         ; count[4]         ; clock_music  ; clock_music ; 0.000        ; 0.000      ; 5.776      ;
; 5.557 ; count[1]         ; count[1]         ; clock_music  ; clock_music ; 0.000        ; 0.000      ; 5.778      ;
; 5.568 ; count[1]         ; y_present.pa     ; clock_music  ; clock_music ; 0.000        ; 0.000      ; 5.789      ;
; 5.593 ; count[11]        ; count[11]        ; clock_music  ; clock_music ; 0.000        ; 0.000      ; 5.814      ;
; 5.603 ; count[4]         ; count[17]        ; clock_music  ; clock_music ; 0.000        ; 0.000      ; 5.824      ;
; 5.603 ; count[4]         ; count[19]        ; clock_music  ; clock_music ; 0.000        ; 0.000      ; 5.824      ;
; 5.631 ; count[1]         ; y_present.Silent ; clock_music  ; clock_music ; 0.000        ; 0.000      ; 5.852      ;
; 5.657 ; y_present.dha    ; y_present.ga     ; clock_music  ; clock_music ; 0.000        ; 0.000      ; 5.878      ;
; 5.659 ; count[19]        ; count[19]        ; clock_music  ; clock_music ; 0.000        ; 0.000      ; 5.880      ;
; 5.679 ; count[17]        ; count[17]        ; clock_music  ; clock_music ; 0.000        ; 0.000      ; 5.900      ;
; 5.690 ; count[0]         ; count[2]         ; clock_music  ; clock_music ; 0.000        ; 0.000      ; 5.911      ;
; 5.725 ; count[3]         ; count[3]         ; clock_music  ; clock_music ; 0.000        ; 0.000      ; 5.946      ;
; 5.726 ; count[3]         ; y_present.sa     ; clock_music  ; clock_music ; 0.000        ; 0.000      ; 5.947      ;
; 5.730 ; count[3]         ; count[16]        ; clock_music  ; clock_music ; 0.000        ; 0.000      ; 5.951      ;
; 5.731 ; count[3]         ; count[18]        ; clock_music  ; clock_music ; 0.000        ; 0.000      ; 5.952      ;
; 5.732 ; count[3]         ; count[6]         ; clock_music  ; clock_music ; 0.000        ; 0.000      ; 5.953      ;
; 5.747 ; count[27]        ; count[27]        ; clock_music  ; clock_music ; 0.000        ; 0.000      ; 5.968      ;
; 5.764 ; count[13]        ; count[13]        ; clock_music  ; clock_music ; 0.000        ; 0.000      ; 5.985      ;
; 5.786 ; count[1]         ; count[17]        ; clock_music  ; clock_music ; 0.000        ; 0.000      ; 6.007      ;
; 5.786 ; count[1]         ; count[19]        ; clock_music  ; clock_music ; 0.000        ; 0.000      ; 6.007      ;
; 5.804 ; y_present.ma     ; y_present.ni     ; clock_music  ; clock_music ; 0.000        ; 0.000      ; 6.025      ;
; 5.833 ; count[29]        ; count[29]        ; clock_music  ; clock_music ; 0.000        ; 0.000      ; 6.054      ;
; 5.841 ; count[25]        ; count[25]        ; clock_music  ; clock_music ; 0.000        ; 0.000      ; 6.062      ;
; 5.841 ; count[3]         ; count[5]         ; clock_music  ; clock_music ; 0.000        ; 0.000      ; 6.062      ;
; 5.847 ; count[3]         ; y_present.ni     ; clock_music  ; clock_music ; 0.000        ; 0.000      ; 6.068      ;
; 5.862 ; count[5]         ; count[17]        ; clock_music  ; clock_music ; 0.000        ; 0.000      ; 6.083      ;
; 5.862 ; count[5]         ; count[19]        ; clock_music  ; clock_music ; 0.000        ; 0.000      ; 6.083      ;
; 5.866 ; count[2]         ; count[16]        ; clock_music  ; clock_music ; 0.000        ; 0.000      ; 6.087      ;
; 5.867 ; count[2]         ; count[18]        ; clock_music  ; clock_music ; 0.000        ; 0.000      ; 6.088      ;
; 5.868 ; count[2]         ; count[6]         ; clock_music  ; clock_music ; 0.000        ; 0.000      ; 6.089      ;
; 5.886 ; count[4]         ; y_present.dha    ; clock_music  ; clock_music ; 0.000        ; 0.000      ; 6.107      ;
; 5.906 ; count[4]         ; count[4]         ; clock_music  ; clock_music ; 0.000        ; 0.000      ; 6.127      ;
; 5.912 ; count[5]         ; count[11]        ; clock_music  ; clock_music ; 0.000        ; 0.000      ; 6.133      ;
; 5.922 ; count[24]        ; count[24]        ; clock_music  ; clock_music ; 0.000        ; 0.000      ; 6.143      ;
; 5.922 ; count[3]         ; y_present.pa     ; clock_music  ; clock_music ; 0.000        ; 0.000      ; 6.143      ;
; 5.927 ; count[4]         ; count[5]         ; clock_music  ; clock_music ; 0.000        ; 0.000      ; 6.148      ;
; 5.949 ; count[5]         ; count[6]         ; clock_music  ; clock_music ; 0.000        ; 0.000      ; 6.170      ;
; 5.954 ; y_present.Silent ; y_present.dha    ; clock_music  ; clock_music ; 0.000        ; 0.000      ; 6.175      ;
; 6.011 ; y_present.re     ; y_present.ga     ; clock_music  ; clock_music ; 0.000        ; 0.000      ; 6.232      ;
; 6.014 ; count[1]         ; count[5]         ; clock_music  ; clock_music ; 0.000        ; 0.000      ; 6.235      ;
; 6.061 ; count[21]        ; count[22]        ; clock_music  ; clock_music ; 0.000        ; 0.000      ; 6.282      ;
; 6.069 ; count[1]         ; y_present.dha    ; clock_music  ; clock_music ; 0.000        ; 0.000      ; 6.290      ;
; 6.072 ; count[4]         ; count[16]        ; clock_music  ; clock_music ; 0.000        ; 0.000      ; 6.293      ;
; 6.073 ; count[4]         ; count[18]        ; clock_music  ; clock_music ; 0.000        ; 0.000      ; 6.294      ;
; 6.073 ; count[5]         ; count[13]        ; clock_music  ; clock_music ; 0.000        ; 0.000      ; 6.294      ;
; 6.074 ; count[4]         ; count[6]         ; clock_music  ; clock_music ; 0.000        ; 0.000      ; 6.295      ;
; 6.092 ; count[3]         ; count[21]        ; clock_music  ; clock_music ; 0.000        ; 0.000      ; 6.313      ;
; 6.093 ; count[3]         ; count[23]        ; clock_music  ; clock_music ; 0.000        ; 0.000      ; 6.314      ;
; 6.094 ; count[3]         ; count[26]        ; clock_music  ; clock_music ; 0.000        ; 0.000      ; 6.315      ;
; 6.095 ; count[3]         ; count[22]        ; clock_music  ; clock_music ; 0.000        ; 0.000      ; 6.316      ;
; 6.100 ; count[3]         ; count[24]        ; clock_music  ; clock_music ; 0.000        ; 0.000      ; 6.321      ;
; 6.104 ; count[3]         ; count[25]        ; clock_music  ; clock_music ; 0.000        ; 0.000      ; 6.325      ;
+-------+------------------+------------------+--------------+-------------+--------------+------------+------------+


+-----------------------------------------------------------------------+
; Setup Transfers                                                       ;
+-------------+-------------+----------+----------+----------+----------+
; From Clock  ; To Clock    ; RR Paths ; FR Paths ; RF Paths ; FF Paths ;
+-------------+-------------+----------+----------+----------+----------+
; clk_50      ; clk_50      ; 7338     ; 0        ; 0        ; 0        ;
; clock_music ; clock_music ; 5542     ; 0        ; 0        ; 0        ;
+-------------+-------------+----------+----------+----------+----------+
Entries labeled "false path" only account for clock-to-clock false paths and not path-based false paths. As a result, actual path counts may be lower than reported.


+-----------------------------------------------------------------------+
; Hold Transfers                                                        ;
+-------------+-------------+----------+----------+----------+----------+
; From Clock  ; To Clock    ; RR Paths ; FR Paths ; RF Paths ; FF Paths ;
+-------------+-------------+----------+----------+----------+----------+
; clk_50      ; clk_50      ; 7338     ; 0        ; 0        ; 0        ;
; clock_music ; clock_music ; 5542     ; 0        ; 0        ; 0        ;
+-------------+-------------+----------+----------+----------+----------+
Entries labeled "false path" only account for clock-to-clock false paths and not path-based false paths. As a result, actual path counts may be lower than reported.


---------------
; Report TCCS ;
---------------
No dedicated SERDES Transmitter circuitry present in device or used in design


---------------
; Report RSKM ;
---------------
No non-DPA dedicated SERDES Receiver circuitry present in device or used in design


+------------------------------------------------+
; Unconstrained Paths Summary                    ;
+---------------------------------+-------+------+
; Property                        ; Setup ; Hold ;
+---------------------------------+-------+------+
; Illegal Clocks                  ; 0     ; 0    ;
; Unconstrained Clocks            ; 0     ; 0    ;
; Unconstrained Input Ports       ; 1     ; 1    ;
; Unconstrained Input Port Paths  ; 40    ; 40   ;
; Unconstrained Output Ports      ; 8     ; 8    ;
; Unconstrained Output Port Paths ; 21    ; 21   ;
+---------------------------------+-------+------+


+------------------------------------------------+
; Clock Status Summary                           ;
+-------------+-------------+------+-------------+
; Target      ; Clock       ; Type ; Status      ;
+-------------+-------------+------+-------------+
; clk_50      ; clk_50      ; Base ; Constrained ;
; clock_music ; clock_music ; Base ; Constrained ;
+-------------+-------------+------+-------------+


+---------------------------------------------------------------------------------------------------+
; Unconstrained Input Ports                                                                         ;
+------------+--------------------------------------------------------------------------------------+
; Input Port ; Comment                                                                              ;
+------------+--------------------------------------------------------------------------------------+
; resetn     ; No input delay, min/max delays, false-path exceptions, or max skew assignments found ;
+------------+--------------------------------------------------------------------------------------+


+-----------------------------------------------------------------------------------------------------+
; Unconstrained Output Ports                                                                          ;
+-------------+---------------------------------------------------------------------------------------+
; Output Port ; Comment                                                                               ;
+-------------+---------------------------------------------------------------------------------------+
; LED[0]      ; No output delay, min/max delays, false-path exceptions, or max skew assignments found ;
; LED[1]      ; No output delay, min/max delays, false-path exceptions, or max skew assignments found ;
; LED[2]      ; No output delay, min/max delays, false-path exceptions, or max skew assignments found ;
; LED[3]      ; No output delay, min/max delays, false-path exceptions, or max skew assignments found ;
; LED[4]      ; No output delay, min/max delays, false-path exceptions, or max skew assignments found ;
; LED[5]      ; No output delay, min/max delays, false-path exceptions, or max skew assignments found ;
; LED[6]      ; No output delay, min/max delays, false-path exceptions, or max skew assignments found ;
; toneOut     ; No output delay, min/max delays, false-path exceptions, or max skew assignments found ;
+-------------+---------------------------------------------------------------------------------------+


+---------------------------------------------------------------------------------------------------+
; Unconstrained Input Ports                                                                         ;
+------------+--------------------------------------------------------------------------------------+
; Input Port ; Comment                                                                              ;
+------------+--------------------------------------------------------------------------------------+
; resetn     ; No input delay, min/max delays, false-path exceptions, or max skew assignments found ;
+------------+--------------------------------------------------------------------------------------+


+-----------------------------------------------------------------------------------------------------+
; Unconstrained Output Ports                                                                          ;
+-------------+---------------------------------------------------------------------------------------+
; Output Port ; Comment                                                                               ;
+-------------+---------------------------------------------------------------------------------------+
; LED[0]      ; No output delay, min/max delays, false-path exceptions, or max skew assignments found ;
; LED[1]      ; No output delay, min/max delays, false-path exceptions, or max skew assignments found ;
; LED[2]      ; No output delay, min/max delays, false-path exceptions, or max skew assignments found ;
; LED[3]      ; No output delay, min/max delays, false-path exceptions, or max skew assignments found ;
; LED[4]      ; No output delay, min/max delays, false-path exceptions, or max skew assignments found ;
; LED[5]      ; No output delay, min/max delays, false-path exceptions, or max skew assignments found ;
; LED[6]      ; No output delay, min/max delays, false-path exceptions, or max skew assignments found ;
; toneOut     ; No output delay, min/max delays, false-path exceptions, or max skew assignments found ;
+-------------+---------------------------------------------------------------------------------------+


+--------------------------+
; Timing Analyzer Messages ;
+--------------------------+
Info: *******************************************************************
Info: Running Quartus Prime Timing Analyzer
    Info: Version 20.1.1 Build 720 11/11/2020 SJ Lite Edition
    Info: Processing started: Thu Apr 01 17:02:13 2021
Info: Command: quartus_sta MusicSynthesizer -c DUT
Info: qsta_default_script.tcl version: #1
Warning (18236): Number of processors has not been specified which may cause overloading on shared machines.  Set the global assignment NUM_PARALLEL_PROCESSORS in your QSF to an appropriate value for best performance.
Info (20030): Parallel compilation is enabled and will use 6 of the 6 processors detected
Info (21077): Low junction temperature is 0 degrees C
Info (21077): High junction temperature is 85 degrees C
Info (334003): Started post-fitting delay annotation
Info (334004): Delay annotation completed successfully
Critical Warning (332012): Synopsys Design Constraints File file not found: 'DUT.sdc'. A Synopsys Design Constraints File is required by the Timing Analyzer to get proper timing constraints. Without it, the Compiler will not properly optimize the design.
Info (332142): No user constrained base clocks found in the design. Calling "derive_clocks -period 1.0"
Info (332105): Deriving Clocks
    Info (332105): create_clock -period 1.000 -name clock_music clock_music
    Info (332105): create_clock -period 1.000 -name clk_50 clk_50
Info: Found TIMING_ANALYZER_REPORT_SCRIPT_INCLUDE_DEFAULT_ANALYSIS = ON
Info: Can't run Report Timing Closure Recommendations. The current device family is not supported.
Critical Warning (332148): Timing requirements not met
Info (332146): Worst-case setup slack is -14.315
    Info (332119):     Slack       End Point TNS Clock 
    Info (332119): ========= =================== =====================
    Info (332119):   -14.315            -397.458 clock_music 
    Info (332119):    -8.475           -1461.962 clk_50 
Info (332146): Worst-case hold slack is 1.639
    Info (332119):     Slack       End Point TNS Clock 
    Info (332119): ========= =================== =====================
    Info (332119):     1.639               0.000 clk_50 
    Info (332119):     2.126               0.000 clock_music 
Info (332140): No Recovery paths to report
Info (332140): No Removal paths to report
Info (332146): Worst-case minimum pulse width slack is -2.289
    Info (332119):     Slack       End Point TNS Clock 
    Info (332119): ========= =================== =====================
    Info (332119):    -2.289              -2.289 clk_50 
    Info (332119):     0.234               0.000 clock_music 
Info (332001): The selected device family is not supported by the report_metastability command.
Info (332102): Design is not fully constrained for setup requirements
Info (332102): Design is not fully constrained for hold requirements
Info: Quartus Prime Timing Analyzer was successful. 0 errors, 3 warnings
    Info: Peak virtual memory: 4679 megabytes
    Info: Processing ended: Thu Apr 01 17:02:14 2021
    Info: Elapsed time: 00:00:01
    Info: Total CPU time (on all processors): 00:00:01


